// Jest Snapshot v1, https://goo.gl/fbAQLP

exports[`mml name and simple text field 1`] = `
Object {
  "children": Array [
    Object {
      "attributes": Object {
        "name": "john",
      },
      "children": Array [
        Object {
          "text": "hi",
          "type": "text",
        },
      ],
      "isRootNode": true,
      "name": "mml",
      "type": "element",
    },
  ],
  "type": "document",
}
`;

exports[`mml name and simple text field 2`] = `
Tree {
  "children": Array [
    MMLTag {
      "attributes": Object {},
      "children": undefined,
      "key": "tag-text-position-0",
      "name": "text",
      "node": Object {
        "text": "hi",
        "type": "text",
      },
    },
  ],
  "converters": Object {
    "add_to_calendar": [Function],
    "button": [Function],
    "button_list": [Function],
    "carousel": [Function],
    "col": [Function],
    "icon": [Function],
    "image": [Function],
    "input": [Function],
    "item": [Function],
    "md": [Function],
    "number": [Function],
    "row": [Function],
    "scheduler": [Function],
    "text": [Function],
  },
  "name": "john",
  "node": Object {
    "attributes": Object {
      "name": "john",
    },
    "children": Array [
      Object {
        "text": "hi",
        "type": "text",
      },
    ],
    "isRootNode": true,
    "name": "mml",
    "type": "element",
  },
  "reactElements": Array [
    <Text
      text="hi"
    />,
  ],
  "type": undefined,
}
`;

exports[`mml name and simple text field 3`] = `
Array [
  <Text
    text="hi"
  />,
]
`;

exports[`mml name and simple text field 4`] = `
<div
  className="mml-text"
>
  hi
</div>
`;

exports[`mml with button 1`] = `
Object {
  "children": Array [
    Object {
      "attributes": Object {
        "name": "support",
      },
      "children": Array [
        Object {
          "text": "
                  ",
          "type": "text",
        },
        Object {
          "attributes": Object {},
          "children": Array [
            Object {
              "text": "It looks like your credit card isn't activated yet, activate it now:",
              "type": "text",
            },
          ],
          "name": "text",
          "type": "element",
        },
        Object {
          "text": "
                  ",
          "type": "text",
        },
        Object {
          "attributes": Object {
            "name": "action",
            "value": "Activate",
          },
          "children": Array [
            Object {
              "text": "Activate Card",
              "type": "text",
            },
          ],
          "name": "button",
          "type": "element",
        },
        Object {
          "text": "
               ",
          "type": "text",
        },
      ],
      "isRootNode": true,
      "name": "mml",
      "type": "element",
    },
  ],
  "type": "document",
}
`;

exports[`mml with button 2`] = `
Tree {
  "children": Array [
    MMLTag {
      "attributes": Object {},
      "children": Array [
        MMLTag {
          "attributes": Object {},
          "children": undefined,
          "key": "tag-text-position-0",
          "name": "text",
          "node": Object {
            "text": "It looks like your credit card isn't activated yet, activate it now:",
            "type": "text",
          },
        },
      ],
      "key": "tag-text-position-0",
      "name": "text",
      "node": Object {
        "attributes": Object {},
        "children": Array [
          Object {
            "text": "It looks like your credit card isn't activated yet, activate it now:",
            "type": "text",
          },
        ],
        "name": "text",
        "type": "element",
      },
    },
    MMLTag {
      "attributes": Object {
        "name": "action",
        "value": "Activate",
      },
      "children": Array [
        MMLTag {
          "attributes": Object {},
          "children": undefined,
          "key": "tag-text-position-0",
          "name": "text",
          "node": Object {
            "text": "Activate Card",
            "type": "text",
          },
        },
      ],
      "key": "tag-button-position-1",
      "name": "button",
      "node": Object {
        "attributes": Object {
          "name": "action",
          "value": "Activate",
        },
        "children": Array [
          Object {
            "text": "Activate Card",
            "type": "text",
          },
        ],
        "name": "button",
        "type": "element",
      },
    },
  ],
  "converters": Object {
    "add_to_calendar": [Function],
    "button": [Function],
    "button_list": [Function],
    "carousel": [Function],
    "col": [Function],
    "icon": [Function],
    "image": [Function],
    "input": [Function],
    "item": [Function],
    "md": [Function],
    "number": [Function],
    "row": [Function],
    "scheduler": [Function],
    "text": [Function],
  },
  "name": "support",
  "node": Object {
    "attributes": Object {
      "name": "support",
    },
    "children": Array [
      Object {
        "text": "
                  ",
        "type": "text",
      },
      Object {
        "attributes": Object {},
        "children": Array [
          Object {
            "text": "It looks like your credit card isn't activated yet, activate it now:",
            "type": "text",
          },
        ],
        "name": "text",
        "type": "element",
      },
      Object {
        "text": "
                  ",
        "type": "text",
      },
      Object {
        "attributes": Object {
          "name": "action",
          "value": "Activate",
        },
        "children": Array [
          Object {
            "text": "Activate Card",
            "type": "text",
          },
        ],
        "name": "button",
        "type": "element",
      },
      Object {
        "text": "
               ",
        "type": "text",
      },
    ],
    "isRootNode": true,
    "name": "mml",
    "type": "element",
  },
  "reactElements": Array [
    <Text
      text="It looks like your credit card isn't activated yet, activate it now:"
    />,
    <Button
      name="action"
      text="Activate Card"
      value="Activate"
    />,
  ],
  "type": undefined,
}
`;

exports[`mml with button 3`] = `
Array [
  <Text
    text="It looks like your credit card isn't activated yet, activate it now:"
  />,
  <Button
    name="action"
    text="Activate Card"
    value="Activate"
  />,
]
`;

exports[`mml with button 4`] = `
Array [
  <div
    className="mml-text"
  >
    It looks like your credit card isn't activated yet, activate it now:
  </div>,
  <button
    className="mml-btn  mml-btn--text mml-btn--grounded"
    name="action"
    onClick={[Function]}
    type="submit"
    value="Activate"
  >
    Activate Card
  </button>,
]
`;

exports[`mml with type 1`] = `
Object {
  "children": Array [
    Object {
      "attributes": Object {
        "type": "card",
      },
      "children": Array [
        Object {
          "text": "hi",
          "type": "text",
        },
      ],
      "isRootNode": true,
      "name": "mml",
      "type": "element",
    },
  ],
  "type": "document",
}
`;

exports[`mml with type 2`] = `
Tree {
  "children": Array [
    MMLTag {
      "attributes": Object {},
      "children": undefined,
      "key": "tag-text-position-0",
      "name": "text",
      "node": Object {
        "text": "hi",
        "type": "text",
      },
    },
  ],
  "converters": Object {
    "add_to_calendar": [Function],
    "button": [Function],
    "button_list": [Function],
    "carousel": [Function],
    "col": [Function],
    "icon": [Function],
    "image": [Function],
    "input": [Function],
    "item": [Function],
    "md": [Function],
    "number": [Function],
    "row": [Function],
    "scheduler": [Function],
    "text": [Function],
  },
  "name": undefined,
  "node": Object {
    "attributes": Object {
      "type": "card",
    },
    "children": Array [
      Object {
        "text": "hi",
        "type": "text",
      },
    ],
    "isRootNode": true,
    "name": "mml",
    "type": "element",
  },
  "reactElements": Array [
    <Text
      text="hi"
    />,
  ],
  "type": "card",
}
`;

exports[`mml with type 3`] = `
Array [
  <Text
    text="hi"
  />,
]
`;

exports[`mml with type 4`] = `
<div
  className="mml-text"
>
  hi
</div>
`;

exports[`mml with type 5`] = `
Object {
  "children": Array [
    Object {
      "attributes": Object {
        "type": "card",
      },
      "children": Array [
        Object {
          "text": "hi",
          "type": "text",
        },
      ],
      "isRootNode": true,
      "name": "mml",
      "type": "element",
    },
  ],
  "type": "document",
}
`;

exports[`mml with type 6`] = `
Tree {
  "children": Array [
    MMLTag {
      "attributes": Object {},
      "children": undefined,
      "key": "tag-text-position-0",
      "name": "text",
      "node": Object {
        "text": "hi",
        "type": "text",
      },
    },
  ],
  "converters": Object {
    "add_to_calendar": [Function],
    "button": [Function],
    "button_list": [Function],
    "carousel": [Function],
    "col": [Function],
    "icon": [Function],
    "image": [Function],
    "input": [Function],
    "item": [Function],
    "md": [Function],
    "number": [Function],
    "row": [Function],
    "scheduler": [Function],
    "text": [Function],
  },
  "name": undefined,
  "node": Object {
    "attributes": Object {
      "type": "card",
    },
    "children": Array [
      Object {
        "text": "hi",
        "type": "text",
      },
    ],
    "isRootNode": true,
    "name": "mml",
    "type": "element",
  },
  "reactElements": Array [
    <Text
      text="hi"
    />,
  ],
  "type": "card",
}
`;

exports[`mml with type 7`] = `
Array [
  <Text
    text="hi"
  />,
]
`;

exports[`mml with type 8`] = `
<div
  className="mml-text"
>
  hi
</div>
`;

exports[`simple carousel 1`] = `
Object {
  "children": Array [
    Object {
      "attributes": Object {},
      "children": Array [
        Object {
          "attributes": Object {},
          "children": Array [
            Object {
              "attributes": Object {},
              "children": Array [
                Object {
                  "text": "a",
                  "type": "text",
                },
              ],
              "name": "item",
              "type": "element",
            },
            Object {
              "attributes": Object {},
              "children": Array [
                Object {
                  "text": "b",
                  "type": "text",
                },
              ],
              "name": "item",
              "type": "element",
            },
          ],
          "name": "carousel",
          "type": "element",
        },
      ],
      "isRootNode": true,
      "name": "mml",
      "type": "element",
    },
  ],
  "type": "document",
}
`;

exports[`simple carousel 2`] = `
Tree {
  "children": Array [
    MMLTag {
      "attributes": Object {},
      "children": Array [
        MMLTag {
          "attributes": Object {},
          "children": Array [
            MMLTag {
              "attributes": Object {},
              "children": undefined,
              "key": "tag-text-position-0",
              "name": "text",
              "node": Object {
                "text": "a",
                "type": "text",
              },
            },
          ],
          "key": "tag-item-position-0",
          "name": "item",
          "node": Object {
            "attributes": Object {},
            "children": Array [
              Object {
                "text": "a",
                "type": "text",
              },
            ],
            "name": "item",
            "type": "element",
          },
        },
        MMLTag {
          "attributes": Object {},
          "children": Array [
            MMLTag {
              "attributes": Object {},
              "children": undefined,
              "key": "tag-text-position-0",
              "name": "text",
              "node": Object {
                "text": "b",
                "type": "text",
              },
            },
          ],
          "key": "tag-item-position-1",
          "name": "item",
          "node": Object {
            "attributes": Object {},
            "children": Array [
              Object {
                "text": "b",
                "type": "text",
              },
            ],
            "name": "item",
            "type": "element",
          },
        },
      ],
      "key": "tag-carousel-position-0",
      "name": "carousel",
      "node": Object {
        "attributes": Object {},
        "children": Array [
          Object {
            "attributes": Object {},
            "children": Array [
              Object {
                "text": "a",
                "type": "text",
              },
            ],
            "name": "item",
            "type": "element",
          },
          Object {
            "attributes": Object {},
            "children": Array [
              Object {
                "text": "b",
                "type": "text",
              },
            ],
            "name": "item",
            "type": "element",
          },
        ],
        "name": "carousel",
        "type": "element",
      },
    },
  ],
  "converters": Object {
    "add_to_calendar": [Function],
    "button": [Function],
    "button_list": [Function],
    "carousel": [Function],
    "col": [Function],
    "icon": [Function],
    "image": [Function],
    "input": [Function],
    "item": [Function],
    "md": [Function],
    "number": [Function],
    "row": [Function],
    "scheduler": [Function],
    "text": [Function],
  },
  "name": undefined,
  "node": Object {
    "attributes": Object {},
    "children": Array [
      Object {
        "attributes": Object {},
        "children": Array [
          Object {
            "attributes": Object {},
            "children": Array [
              Object {
                "text": "a",
                "type": "text",
              },
            ],
            "name": "item",
            "type": "element",
          },
          Object {
            "attributes": Object {},
            "children": Array [
              Object {
                "text": "b",
                "type": "text",
              },
            ],
            "name": "item",
            "type": "element",
          },
        ],
        "name": "carousel",
        "type": "element",
      },
    ],
    "isRootNode": true,
    "name": "mml",
    "type": "element",
  },
  "reactElements": Array [
    <Carousel>
      <CarouselItem>
        <Text
          text="a"
        />
      </CarouselItem>
      <CarouselItem>
        <Text
          text="b"
        />
      </CarouselItem>
    </Carousel>,
  ],
  "type": undefined,
}
`;

exports[`simple carousel 3`] = `
Array [
  <Carousel>
    <CarouselItem>
      <Text
        text="a"
      />
    </CarouselItem>
    <CarouselItem>
      <Text
        text="b"
      />
    </CarouselItem>
  </Carousel>,
]
`;

exports[`simple carousel 4`] = `
<div
  className="mml-carousel "
>
  <div
    className="mml-carousel__track"
  >
    <div
      className="mml-carousel__slides"
    >
      <div
        className="mml-carousel-item mml-carousel__slide"
        style={
          Object {
            "flex": "0 0 120px",
            "minWidth": "120px",
          }
        }
      >
        <div
          className="mml-text"
        >
          a
        </div>
      </div>
      <div
        className="mml-carousel-item mml-carousel__slide"
        style={
          Object {
            "flex": "0 0 120px",
            "minWidth": "120px",
          }
        }
      >
        <div
          className="mml-text"
        >
          b
        </div>
      </div>
    </div>
  </div>
</div>
`;

exports[`simple input 1`] = `
Object {
  "children": Array [
    Object {
      "attributes": Object {},
      "children": Array [
        Object {
          "attributes": Object {
            "name": "name",
            "value": "John",
          },
          "children": Array [],
          "name": "input",
          "type": "element",
        },
      ],
      "isRootNode": true,
      "name": "mml",
      "type": "element",
    },
  ],
  "type": "document",
}
`;

exports[`simple input 2`] = `
Tree {
  "children": Array [
    MMLTag {
      "attributes": Object {
        "name": "name",
        "value": "John",
      },
      "children": Array [],
      "key": "tag-input-position-0",
      "name": "input",
      "node": Object {
        "attributes": Object {
          "name": "name",
          "value": "John",
        },
        "children": Array [],
        "name": "input",
        "type": "element",
      },
    },
  ],
  "converters": Object {
    "add_to_calendar": [Function],
    "button": [Function],
    "button_list": [Function],
    "carousel": [Function],
    "col": [Function],
    "icon": [Function],
    "image": [Function],
    "input": [Function],
    "item": [Function],
    "md": [Function],
    "number": [Function],
    "row": [Function],
    "scheduler": [Function],
    "text": [Function],
  },
  "name": undefined,
  "node": Object {
    "attributes": Object {},
    "children": Array [
      Object {
        "attributes": Object {
          "name": "name",
          "value": "John",
        },
        "children": Array [],
        "name": "input",
        "type": "element",
      },
    ],
    "isRootNode": true,
    "name": "mml",
    "type": "element",
  },
  "reactElements": Array [
    <Input
      name="name"
      value="John"
    />,
  ],
  "type": undefined,
}
`;

exports[`simple input 3`] = `
Array [
  <Input
    name="name"
    value="John"
  />,
]
`;

exports[`simple input 4`] = `
<input
  className="mml-input"
  id="mml-name"
  name="name"
  onChange={[Function]}
  placeholder=""
  type="text"
  value="John"
/>
`;
